// Jest Snapshot v1, https://goo.gl/fbAQLP

exports[`Test ProductDetails screen renders correctly with mock product 1`] = `
[
  <View
    style={
      {
        "backgroundColor": "#CFD6FF",
        "height": 150,
        "justifyContent": "flex-end",
        "paddingHorizontal": 20,
      }
    }
  >
    <Text
      style={
        [
          {
            "color": "#000000",
            "fontFamily": "Avenir",
          },
          {
            "fontSize": 24,
            "fontWeight": "800",
            "marginBottom": 24,
          },
        ]
      }
    >
      Recycled Wooden Salad
    </Text>
  </View>,
  <RNCSafeAreaView
    edges={
      [
        "bottom",
        "left",
        "right",
      ]
    }
    style={
      [
        {
          "backgroundColor": "#F8F8F8",
          "flex": 1,
          "paddingBottom": 6,
          "paddingHorizontal": 20,
          "paddingTop": 11,
        },
        {
          "paddingTop": 19,
        },
      ]
    }
  >
    <RCTScrollView
      alwaysBounceVertical={false}
      showsVerticalScrollIndicator={false}
      style={
        {
          "flex": 1,
        }
      }
    >
      <View>
        <View
          style={
            [
              {
                "alignItems": "center",
                "backgroundColor": "#FFFFFF",
                "borderRadius": 10,
                "height": 350,
                "justifyContent": "center",
                "marginBottom": 32,
              },
              {
                "elevation": 2,
                "shadowColor": "#000",
                "shadowOffset": {
                  "height": 4,
                  "width": 0,
                },
                "shadowOpacity": 0.5,
                "shadowRadius": 4,
              },
            ]
          }
        >
          <View
            style={
              [
                {
                  "overflow": "hidden",
                },
                [
                  {
                    "height": 200,
                    "width": 200,
                  },
                  undefined,
                ],
              ]
            }
          >
            <FastImageView
              defaultSource={
                {
                  "testUri": "../../../src/assets/placeholder.png",
                }
              }
              resizeMode="cover"
              source={
                {
                  "uri": "https://loremflickr.com/640/480/city",
                }
              }
              style={
                {
                  "bottom": 0,
                  "left": 0,
                  "position": "absolute",
                  "right": 0,
                  "top": 0,
                }
              }
            />
          </View>
        </View>
        <Text
          style={
            [
              {
                "color": "#000000",
                "fontFamily": "Avenir",
              },
              {
                "color": "#9B9898",
                "fontSize": 14,
                "fontWeight": "800",
                "marginBottom": 19,
              },
            ]
          }
        >
          Detalles del producto:
        </Text>
        <Text
          style={
            [
              {
                "color": "#000000",
                "fontFamily": "Avenir",
              },
              {
                "fontSize": 16,
                "fontWeight": "800",
                "marginBottom": 20,
              },
            ]
          }
        >
          Comprado el 9 de diciembre, 2022
        </Text>
        <Text
          style={
            [
              {
                "color": "#000000",
                "fontFamily": "Avenir",
              },
              {
                "color": "#9B9898",
                "fontSize": 14,
                "fontWeight": "800",
                "marginBottom": 19,
              },
            ]
          }
        >
          Con esta compra acumulaste:
        </Text>
        <Text
          style={
            [
              {
                "color": "#000000",
                "fontFamily": "Avenir",
              },
              {
                "fontSize": 24,
                "fontWeight": "800",
                "marginTop": 13,
              },
            ]
          }
        >
          44871 puntos
        </Text>
      </View>
    </RCTScrollView>
    <View
      accessibilityState={
        {
          "busy": undefined,
          "checked": undefined,
          "disabled": false,
          "expanded": undefined,
          "selected": undefined,
        }
      }
      accessibilityValue={
        {
          "max": undefined,
          "min": undefined,
          "now": undefined,
          "text": undefined,
        }
      }
      accessible={true}
      collapsable={false}
      focusable={true}
      onClick={[Function]}
      onResponderGrant={[Function]}
      onResponderMove={[Function]}
      onResponderRelease={[Function]}
      onResponderTerminate={[Function]}
      onResponderTerminationRequest={[Function]}
      onStartShouldSetResponder={[Function]}
      style={
        {
          "alignItems": "center",
          "backgroundColor": "#334FFA",
          "borderRadius": 10,
          "height": 50,
          "justifyContent": "center",
          "opacity": 1,
        }
      }
    >
      <Text
        style={
          [
            {
              "color": "#000000",
              "fontFamily": "Avenir",
            },
            {
              "color": "#FFFFFF",
              "fontSize": 16,
              "fontWeight": "800",
              "lineHeight": 21.86,
            },
          ]
        }
      >
        Aceptar
      </Text>
    </View>
  </RNCSafeAreaView>,
]
`;
