// Jest Snapshot v1, https://goo.gl/fbAQLP

exports[`Test Loader component renders correctly 1`] = `
<View
  style={
    {
      "alignItems": "center",
      "flex": 1,
      "justifyContent": "center",
    }
  }
>
  <ActivityIndicator />
</View>
`;
