// Jest Snapshot v1, https://goo.gl/fbAQLP

exports[`Test ProductRow component renders correctly with mock product 1`] = `
<View
  accessibilityState={
    {
      "busy": undefined,
      "checked": undefined,
      "disabled": undefined,
      "expanded": undefined,
      "selected": undefined,
    }
  }
  accessibilityValue={
    {
      "max": undefined,
      "min": undefined,
      "now": undefined,
      "text": undefined,
    }
  }
  accessible={true}
  collapsable={false}
  focusable={true}
  onBlur={[Function]}
  onClick={[Function]}
  onFocus={[Function]}
  onResponderGrant={[Function]}
  onResponderMove={[Function]}
  onResponderRelease={[Function]}
  onResponderTerminate={[Function]}
  onResponderTerminationRequest={[Function]}
  onStartShouldSetResponder={[Function]}
  style={
    {
      "alignItems": "center",
      "flexDirection": "row",
      "marginVertical": 4,
    }
  }
>
  <View
    style={
      [
        {
          "overflow": "hidden",
        },
        [
          {
            "height": 55,
            "width": 55,
          },
          {
            "borderRadius": 10,
          },
        ],
      ]
    }
  >
    <FastImageView
      defaultSource={
        {
          "testUri": "../../../src/assets/placeholder.png",
        }
      }
      resizeMode="cover"
      source={
        {
          "uri": "https://loremflickr.com/640/480/city",
        }
      }
      style={
        {
          "bottom": 0,
          "left": 0,
          "position": "absolute",
          "right": 0,
          "top": 0,
        }
      }
    />
  </View>
  <View
    style={
      {
        "flex": 1,
        "marginLeft": 11,
      }
    }
  >
    <Text
      style={
        [
          {
            "color": "#000000",
            "fontFamily": "Avenir",
          },
          {
            "fontSize": 14,
            "fontWeight": "800",
            "lineHeight": 19.12,
            "marginBottom": 7,
          },
        ]
      }
    >
      Recycled Wooden Salad
    </Text>
    <Text
      style={
        [
          {
            "color": "#000000",
            "fontFamily": "Avenir",
          },
          {
            "fontSize": 12,
            "fontWeight": "400",
            "lineHeight": 16.39,
          },
        ]
      }
    >
      9 de diciembre, 2022
    </Text>
  </View>
  <View>
    <Text
      style={
        [
          {
            "color": "#000000",
            "fontFamily": "Avenir",
          },
          {
            "fontSize": 16,
            "fontWeight": "800",
            "lineHeight": 21.86,
          },
        ]
      }
    >
      <Text
        style={
          [
            {
              "color": "#000000",
              "fontFamily": "Avenir",
            },
            {
              "color": "#FF0000",
            },
          ]
        }
      >
        -
      </Text>
      44871
    </Text>
  </View>
  <Text
    style={
      [
        {
          "color": "#000000",
          "fontFamily": "Avenir",
        },
        {
          "fontSize": 13,
          "fontWeight": "800",
          "marginLeft": 17,
        },
      ]
    }
  >
    &gt;
  </Text>
</View>
`;
